 - Services --------------------------------------------------------------------------------------
| ID |                                      Name |      Type |             Frontend | Backend IDs |
|----+-------------------------------------------+-----------+----------------------+-------------
|  0 |                        default/kubernetes | ClusterIP |   10.96.0.1:443/NONE |           1 |
|  1 |                                 test/echo | ClusterIP | 10.96.215.26:80/NONE |           0 |
|  2 | test/echo-76456c8696-cwxmh/host-port/8080 |  HostPort |    0.0.0.0:8080/NONE |           0 |
|  3 | test/echo-76456c8696-cwxmh/host-port/8080 |  HostPort |   10.0.0.2:8080/NONE |           0 |
|  4 | test/echo-76456c8696-cwxmh/host-port/8080 |  HostPort |   10.0.0.3:8080/NONE |           0 |
|  5 |                                 test/echo |  NodePort |   0.0.0.0:31651/NONE |           0 |
|  6 |                                 test/echo |  NodePort |  10.0.0.2:31651/NONE |           0 |
|  7 |                                 test/echo |  NodePort |  10.0.0.3:31651/NONE |           0 |
 -------------------------------------------------------------------------------------------------

 - Backends ----------------------------------------------
| ID |            L3n4Addr |  State |     Linked Services |
|----+---------------------+--------+---------------------
|  0 |  10.244.2.56:80/TCP | active | 1, 2, 3, 4, 5, 6, 7 |
|  1 | 172.18.0.4:6443/TCP | active |                   0 |
 ---------------------------------------------------------

