 - Services ---------------------------------------------------------------------------------------
| ID |                                      Name |      Type |              Frontend | Backend IDs |
|----+-------------------------------------------+-----------+-----------------------+-------------
|  0 |                        default/kubernetes | ClusterIP |    10.96.0.1:443/NONE |           1 |
|  1 |                                 test/echo | ClusterIP | 10.96.185.160:80/NONE |           0 |
|  2 | test/echo-78d445655d-v8wbv/host-port/8080 |  HostPort |     0.0.0.0:8080/NONE |           0 |
|  3 | test/echo-78d445655d-v8wbv/host-port/8080 |  HostPort |    10.0.0.2:8080/NONE |           0 |
|  4 | test/echo-78d445655d-v8wbv/host-port/8080 |  HostPort |    10.0.0.3:8080/NONE |           0 |
|  5 |                                 test/echo |  NodePort |    0.0.0.0:32214/NONE |           0 |
|  6 |                                 test/echo |  NodePort |   10.0.0.2:32214/NONE |           0 |
|  7 |                                 test/echo |  NodePort |   10.0.0.3:32214/NONE |           0 |
 --------------------------------------------------------------------------------------------------

 - Backends ----------------------------------------------
| ID |            L3n4Addr |  State |     Linked Services |
|----+---------------------+--------+---------------------
|  0 | 10.244.1.208:80/TCP | active | 1, 2, 3, 4, 5, 6, 7 |
|  1 | 172.18.0.3:6443/TCP | active |                   0 |
 ---------------------------------------------------------

