 - Services ---------------------------------------------------------------------
| ID |                   Name |      Type |               Frontend | Backend IDs |
|----+------------------------+-----------+------------------------+-------------
|  0 |     default/kubernetes | ClusterIP |     10.96.0.1:443/NONE |           0 |
|  1 | test/graceful-term-svc | ClusterIP | 10.96.116.33:8081/NONE |             |
 --------------------------------------------------------------------------------

 - Backends ------------------------------------------
| ID |            L3n4Addr |  State | Linked Services |
|----+---------------------+--------+-----------------
|  0 | 172.18.0.2:6443/TCP | active |               0 |
 -----------------------------------------------------

