 - Services ------------------------------------------------------
|  ID |        Type |                      Frontend | Backend IDs |
|-----+-------------+-------------------------------+-------------
|   0 |    NodePort |            0.0.0.0:30170/NONE |             |
|   1 |    NodePort |          0.0.0.0:30170/NONE/i |          12 |
|   2 |    NodePort |            0.0.0.0:30274/NONE |       5, 11 |
|   3 |    NodePort |            0.0.0.0:30474/NONE |    1, 9, 15 |
|   4 |    NodePort |            0.0.0.0:30766/NONE |       4, 10 |
|   5 |    NodePort |            0.0.0.0:30800/NONE |          12 |
|   6 |    NodePort |            0.0.0.0:30834/NONE |    1, 9, 15 |
|   7 |    NodePort |            0.0.0.0:30987/NONE |       4, 10 |
|   8 |    NodePort |            0.0.0.0:31029/NONE |          13 |
|   9 |    NodePort |            0.0.0.0:31074/NONE |    0, 8, 14 |
|  10 |    NodePort |            0.0.0.0:31621/NONE |             |
|  11 |    NodePort |          0.0.0.0:31621/NONE/i |    1, 9, 15 |
|  12 |    NodePort |            0.0.0.0:31662/NONE |             |
|  13 |    NodePort |          0.0.0.0:31662/NONE/i |    0, 8, 14 |
|  14 |    NodePort |            0.0.0.0:31677/NONE |    0, 8, 14 |
|  15 |    NodePort |            0.0.0.0:31733/NONE |    0, 8, 14 |
|  16 |    NodePort |            0.0.0.0:31839/NONE |    1, 9, 15 |
|  17 |    NodePort |            0.0.0.0:31893/NONE |             |
|  18 |    NodePort |          0.0.0.0:31893/NONE/i |          13 |
|  19 |    NodePort |            0.0.0.0:31983/NONE |             |
|  20 |    NodePort |          0.0.0.0:31983/NONE/i |          13 |
|  21 |    NodePort |            0.0.0.0:32243/NONE |    1, 9, 15 |
|  22 |    NodePort |            0.0.0.0:32696/NONE |       5, 11 |
|  23 |    NodePort |           10.0.0.2:30170/NONE |             |
|  24 |    NodePort |         10.0.0.2:30170/NONE/i |          12 |
|  25 |    NodePort |           10.0.0.2:30274/NONE |       5, 11 |
|  26 |    NodePort |           10.0.0.2:30474/NONE |    1, 9, 15 |
|  27 |    NodePort |           10.0.0.2:30766/NONE |       4, 10 |
|  28 |    NodePort |           10.0.0.2:30800/NONE |          12 |
|  29 |    NodePort |           10.0.0.2:30834/NONE |    1, 9, 15 |
|  30 |    NodePort |           10.0.0.2:30987/NONE |       4, 10 |
|  31 |    NodePort |           10.0.0.2:31029/NONE |          13 |
|  32 |    NodePort |           10.0.0.2:31074/NONE |    0, 8, 14 |
|  33 |    NodePort |           10.0.0.2:31621/NONE |             |
|  34 |    NodePort |         10.0.0.2:31621/NONE/i |    1, 9, 15 |
|  35 |    NodePort |           10.0.0.2:31662/NONE |             |
|  36 |    NodePort |         10.0.0.2:31662/NONE/i |    0, 8, 14 |
|  37 |    NodePort |           10.0.0.2:31677/NONE |    0, 8, 14 |
|  38 |    NodePort |           10.0.0.2:31733/NONE |    0, 8, 14 |
|  39 |    NodePort |           10.0.0.2:31839/NONE |    1, 9, 15 |
|  40 |    NodePort |           10.0.0.2:31893/NONE |             |
|  41 |    NodePort |         10.0.0.2:31893/NONE/i |          13 |
|  42 |    NodePort |           10.0.0.2:31983/NONE |             |
|  43 |    NodePort |         10.0.0.2:31983/NONE/i |          13 |
|  44 |    NodePort |           10.0.0.2:32243/NONE |    1, 9, 15 |
|  45 |    NodePort |           10.0.0.2:32696/NONE |       5, 11 |
|  46 |    NodePort |           10.0.0.3:30170/NONE |             |
|  47 |    NodePort |         10.0.0.3:30170/NONE/i |          12 |
|  48 |    NodePort |           10.0.0.3:30274/NONE |       5, 11 |
|  49 |    NodePort |           10.0.0.3:30474/NONE |    1, 9, 15 |
|  50 |    NodePort |           10.0.0.3:30766/NONE |       4, 10 |
|  51 |    NodePort |           10.0.0.3:30800/NONE |          12 |
|  52 |    NodePort |           10.0.0.3:30834/NONE |    1, 9, 15 |
|  53 |    NodePort |           10.0.0.3:30987/NONE |       4, 10 |
|  54 |    NodePort |           10.0.0.3:31029/NONE |          13 |
|  55 |    NodePort |           10.0.0.3:31074/NONE |    0, 8, 14 |
|  56 |    NodePort |           10.0.0.3:31621/NONE |             |
|  57 |    NodePort |         10.0.0.3:31621/NONE/i |    1, 9, 15 |
|  58 |    NodePort |           10.0.0.3:31662/NONE |             |
|  59 |    NodePort |         10.0.0.3:31662/NONE/i |    0, 8, 14 |
|  60 |    NodePort |           10.0.0.3:31677/NONE |    0, 8, 14 |
|  61 |    NodePort |           10.0.0.3:31733/NONE |    0, 8, 14 |
|  62 |    NodePort |           10.0.0.3:31839/NONE |    1, 9, 15 |
|  63 |    NodePort |           10.0.0.3:31893/NONE |             |
|  64 |    NodePort |         10.0.0.3:31893/NONE/i |          13 |
|  65 |    NodePort |           10.0.0.3:31983/NONE |             |
|  66 |    NodePort |         10.0.0.3:31983/NONE/i |          13 |
|  67 |    NodePort |           10.0.0.3:32243/NONE |    1, 9, 15 |
|  68 |    NodePort |           10.0.0.3:32696/NONE |       5, 11 |
|  69 |   ClusterIP |            10.96.0.1:443/NONE |          16 |
|  70 |   ClusterIP |      10.96.103.209:20069/NONE |    0, 8, 14 |
|  71 |   ClusterIP |      10.96.103.209:20080/NONE |    1, 9, 15 |
|  72 |   ClusterIP |         10.96.113.107:69/NONE |       4, 10 |
|  73 |   ClusterIP |         10.96.113.107:80/NONE |       5, 11 |
|  74 |   ClusterIP |          10.96.127.51:69/NONE |       4, 10 |
|  75 |   ClusterIP |          10.96.127.51:80/NONE |       5, 11 |
|  76 |   ClusterIP |           10.96.145.3:69/NONE |        2, 6 |
|  77 |   ClusterIP |           10.96.145.3:80/NONE |        3, 7 |
|  78 |   ClusterIP |         10.96.179.172:80/NONE |          13 |
|  79 |   ClusterIP |       10.96.180.61:10069/NONE |    0, 8, 14 |
|  80 |   ClusterIP |       10.96.180.61:10080/NONE |    1, 9, 15 |
|  81 |   ClusterIP |       10.96.183.11:10069/NONE |    0, 8, 14 |
|  82 |   ClusterIP |       10.96.183.11:10080/NONE |    1, 9, 15 |
|  83 |   ClusterIP |        10.96.188.8:10069/NONE |    0, 8, 14 |
|  84 |   ClusterIP |        10.96.188.8:10080/NONE |    1, 9, 15 |
|  85 |   ClusterIP |        10.96.4.122:10069/NONE |          12 |
|  86 |   ClusterIP |        10.96.4.122:10080/NONE |          13 |
|  87 |   ClusterIP |       10.96.68.197:10069/NONE |          12 |
|  88 |   ClusterIP |       10.96.68.197:10080/NONE |          13 |
|  89 |   ClusterIP |           10.96.74.44:80/NONE |    1, 9, 15 |
|  90 |   ClusterIP |          10.96.91.219:69/NONE |    0, 8, 14 |
|  91 |   ClusterIP |          10.96.91.219:80/NONE |    1, 9, 15 |
|  92 | ExternalIPs |        192.0.2.233:20069/NONE |    0, 8, 14 |
|  93 | ExternalIPs |        192.0.2.233:20080/NONE |    1, 9, 15 |
|  94 |    NodePort |               [::]:30197/NONE |             |
|  95 |    NodePort |             [::]:30197/NONE/i |  24, 28, 32 |
|  96 |    NodePort |               [::]:30514/NONE |          29 |
|  97 |    NodePort |               [::]:30766/NONE |      17, 25 |
|  98 |    NodePort |               [::]:31112/NONE |      18, 26 |
|  99 |    NodePort |               [::]:31332/NONE |             |
| 100 |    NodePort |             [::]:31332/NONE/i |          29 |
| 101 |    NodePort |               [::]:31652/NONE |      17, 25 |
| 102 |    NodePort |               [::]:31731/NONE |          30 |
| 103 |    NodePort |               [::]:31797/NONE |  23, 27, 31 |
| 104 |    NodePort |               [::]:31849/NONE |  24, 28, 32 |
| 105 |    NodePort |               [::]:31997/NONE |  24, 28, 32 |
| 106 |    NodePort |               [::]:32047/NONE |  24, 28, 32 |
| 107 |    NodePort |               [::]:32375/NONE |             |
| 108 |    NodePort |             [::]:32375/NONE/i |          30 |
| 109 |    NodePort |               [::]:32502/NONE |  23, 27, 31 |
| 110 |    NodePort |               [::]:32540/NONE |             |
| 111 |    NodePort |             [::]:32540/NONE/i |  23, 27, 31 |
| 112 |    NodePort |               [::]:32696/NONE |      18, 26 |
| 113 |    NodePort |               [::]:32759/NONE |  23, 27, 31 |
| 114 |    NodePort |          [f00d::1]:30197/NONE |             |
| 115 |    NodePort |        [f00d::1]:30197/NONE/i |  24, 28, 32 |
| 116 |    NodePort |          [f00d::1]:30514/NONE |          29 |
| 117 |    NodePort |          [f00d::1]:30766/NONE |      17, 25 |
| 118 |    NodePort |          [f00d::1]:31112/NONE |      18, 26 |
| 119 |    NodePort |          [f00d::1]:31332/NONE |             |
| 120 |    NodePort |        [f00d::1]:31332/NONE/i |          29 |
| 121 |    NodePort |          [f00d::1]:31652/NONE |      17, 25 |
| 122 |    NodePort |          [f00d::1]:31731/NONE |          30 |
| 123 |    NodePort |          [f00d::1]:31797/NONE |  23, 27, 31 |
| 124 |    NodePort |          [f00d::1]:31849/NONE |  24, 28, 32 |
| 125 |    NodePort |          [f00d::1]:31997/NONE |  24, 28, 32 |
| 126 |    NodePort |          [f00d::1]:32047/NONE |  24, 28, 32 |
| 127 |    NodePort |          [f00d::1]:32375/NONE |             |
| 128 |    NodePort |        [f00d::1]:32375/NONE/i |          30 |
| 129 |    NodePort |          [f00d::1]:32502/NONE |  23, 27, 31 |
| 130 |    NodePort |          [f00d::1]:32540/NONE |             |
| 131 |    NodePort |        [f00d::1]:32540/NONE/i |  23, 27, 31 |
| 132 |    NodePort |          [f00d::1]:32696/NONE |      18, 26 |
| 133 |    NodePort |          [f00d::1]:32759/NONE |  23, 27, 31 |
| 134 |    NodePort |          [f00d::2]:30197/NONE |             |
| 135 |    NodePort |        [f00d::2]:30197/NONE/i |  24, 28, 32 |
| 136 |    NodePort |          [f00d::2]:30514/NONE |          29 |
| 137 |    NodePort |          [f00d::2]:30766/NONE |      17, 25 |
| 138 |    NodePort |          [f00d::2]:31112/NONE |      18, 26 |
| 139 |    NodePort |          [f00d::2]:31332/NONE |             |
| 140 |    NodePort |        [f00d::2]:31332/NONE/i |          29 |
| 141 |    NodePort |          [f00d::2]:31652/NONE |      17, 25 |
| 142 |    NodePort |          [f00d::2]:31731/NONE |          30 |
| 143 |    NodePort |          [f00d::2]:31797/NONE |  23, 27, 31 |
| 144 |    NodePort |          [f00d::2]:31849/NONE |  24, 28, 32 |
| 145 |    NodePort |          [f00d::2]:31997/NONE |  24, 28, 32 |
| 146 |    NodePort |          [f00d::2]:32047/NONE |  24, 28, 32 |
| 147 |    NodePort |          [f00d::2]:32375/NONE |             |
| 148 |    NodePort |        [f00d::2]:32375/NONE/i |          30 |
| 149 |    NodePort |          [f00d::2]:32502/NONE |  23, 27, 31 |
| 150 |    NodePort |          [f00d::2]:32540/NONE |             |
| 151 |    NodePort |        [f00d::2]:32540/NONE/i |  23, 27, 31 |
| 152 |    NodePort |          [f00d::2]:32696/NONE |      18, 26 |
| 153 |    NodePort |          [f00d::2]:32759/NONE |  23, 27, 31 |
| 154 |   ClusterIP |    [fd00:10:96::1bcb]:69/NONE |      17, 25 |
| 155 |   ClusterIP |    [fd00:10:96::1bcb]:80/NONE |      18, 26 |
| 156 |   ClusterIP | [fd00:10:96::1e66]:10069/NONE |  23, 27, 31 |
| 157 |   ClusterIP | [fd00:10:96::1e66]:10080/NONE |  24, 28, 32 |
| 158 |   ClusterIP | [fd00:10:96::3a97]:10069/NONE |          29 |
| 159 |   ClusterIP | [fd00:10:96::3a97]:10080/NONE |          30 |
| 160 |   ClusterIP |    [fd00:10:96::63e0]:69/NONE |  23, 27, 31 |
| 161 |   ClusterIP |    [fd00:10:96::63e0]:80/NONE |  24, 28, 32 |
| 162 |   ClusterIP | [fd00:10:96::7916]:10069/NONE |  23, 27, 31 |
| 163 |   ClusterIP | [fd00:10:96::7916]:10080/NONE |  24, 28, 32 |
| 164 |   ClusterIP | [fd00:10:96::8a4a]:20069/NONE |  23, 27, 31 |
| 165 |   ClusterIP | [fd00:10:96::8a4a]:20080/NONE |  24, 28, 32 |
| 166 |   ClusterIP | [fd00:10:96::c48c]:10069/NONE |          29 |
| 167 |   ClusterIP | [fd00:10:96::c48c]:10080/NONE |          30 |
| 168 |   ClusterIP |    [fd00:10:96::cf76]:69/NONE |      19, 21 |
| 169 |   ClusterIP |    [fd00:10:96::cf76]:80/NONE |      20, 22 |
| 170 |   ClusterIP |  [fd00:10:96::d1e]:10069/NONE |  23, 27, 31 |
| 171 |   ClusterIP |  [fd00:10:96::d1e]:10080/NONE |  24, 28, 32 |
| 172 |   ClusterIP |    [fd00:10:96::f66b]:69/NONE |      17, 25 |
| 173 |   ClusterIP |    [fd00:10:96::f66b]:80/NONE |      18, 26 |
| 174 | ExternalIPs |        [fd03::999]:20069/NONE |  23, 27, 31 |
| 175 | ExternalIPs |        [fd03::999]:20080/NONE |  24, 28, 32 |
 -----------------------------------------------------------------

 - Backends --------------------------------------------
| ID |                     L3n4Addr |  State | Restored |
|----+------------------------------+--------+----------
|  0 |          10.244.0.220:69/UDP | active |    false |
|  1 |          10.244.0.220:80/TCP | active |    false |
|  2 |          10.244.1.102:69/UDP | active |    false |
|  3 |          10.244.1.102:80/TCP | active |    false |
|  4 |          10.244.1.144:69/UDP | active |    false |
|  5 |          10.244.1.144:80/TCP | active |    false |
|  6 |          10.244.1.250:69/UDP | active |    false |
|  7 |          10.244.1.250:80/TCP | active |    false |
|  8 |           10.244.1.63:69/UDP | active |    false |
|  9 |           10.244.1.63:80/TCP | active |    false |
| 10 |          10.244.2.183:69/UDP | active |    false |
| 11 |          10.244.2.183:80/TCP | active |    false |
| 12 |          10.244.2.187:69/UDP | active |    false |
| 13 |          10.244.2.187:80/TCP | active |    false |
| 14 |          10.244.2.239:69/UDP | active |    false |
| 15 |          10.244.2.239:80/TCP | active |    false |
| 16 |          172.18.0.3:6443/TCP | active |    false |
| 17 | [fd00:10:244:1::2bc0]:69/UDP | active |    false |
| 18 | [fd00:10:244:1::2bc0]:80/TCP | active |    false |
| 19 | [fd00:10:244:1::bebb]:69/UDP | active |    false |
| 20 | [fd00:10:244:1::bebb]:80/TCP | active |    false |
| 21 | [fd00:10:244:1::de09]:69/UDP | active |    false |
| 22 | [fd00:10:244:1::de09]:80/TCP | active |    false |
| 23 | [fd00:10:244:1::fb66]:69/UDP | active |    false |
| 24 | [fd00:10:244:1::fb66]:80/TCP | active |    false |
| 25 | [fd00:10:244:2::31f4]:69/UDP | active |    false |
| 26 | [fd00:10:244:2::31f4]:80/TCP | active |    false |
| 27 | [fd00:10:244:2::38f2]:69/UDP | active |    false |
| 28 | [fd00:10:244:2::38f2]:80/TCP | active |    false |
| 29 | [fd00:10:244:2::57bd]:69/UDP | active |    false |
| 30 | [fd00:10:244:2::57bd]:80/TCP | active |    false |
| 31 |   [fd00:10:244::d611]:69/UDP | active |    false |
| 32 |   [fd00:10:244::d611]:80/TCP | active |    false |
 -------------------------------------------------------

