 - Services ---------------------------------------------------------------------------------------
| ID |                                      Name |      Type |              Frontend | Backend IDs |
|----+-------------------------------------------+-----------+-----------------------+-------------
|  0 |                        default/kubernetes | ClusterIP |    10.96.0.1:443/NONE |           1 |
|  1 |                                 test/echo | ClusterIP |  10.96.50.104:80/NONE |           0 |
|  2 |                           test/echo-local | ClusterIP |  10.96.155.18:80/NONE |           0 |
|  3 | test/echo-757d4cb97f-9gmf7/host-port/8080 |  HostPort |     0.0.0.0:8080/NONE |           0 |
|  4 | test/echo-757d4cb97f-9gmf7/host-port/8080 |  HostPort |    10.0.0.2:8080/NONE |           0 |
|  5 | test/echo-757d4cb97f-9gmf7/host-port/8080 |  HostPort |    10.0.0.3:8080/NONE |           0 |
|  6 |                                 test/echo |  NodePort |    0.0.0.0:30781/NONE |           0 |
|  7 |                                 test/echo |  NodePort |   10.0.0.2:30781/NONE |           0 |
|  8 |                                 test/echo |  NodePort |   10.0.0.3:30781/NONE |           0 |
|  9 |                           test/echo-local |  NodePort |    0.0.0.0:30867/NONE |           0 |
| 10 |                           test/echo-local |  NodePort |  0.0.0.0:30867/NONE/i |           0 |
| 11 |                           test/echo-local |  NodePort |   10.0.0.2:30867/NONE |           0 |
| 12 |                           test/echo-local |  NodePort | 10.0.0.2:30867/NONE/i |           0 |
| 13 |                           test/echo-local |  NodePort |   10.0.0.3:30867/NONE |           0 |
| 14 |                           test/echo-local |  NodePort | 10.0.0.3:30867/NONE/i |           0 |
 --------------------------------------------------------------------------------------------------

 - Backends ------------------------------------------------------------------------
| ID |            L3n4Addr |  State |                               Linked Services |
|----+---------------------+--------+-----------------------------------------------
|  0 | 10.244.1.224:80/TCP | active | 1, 2, 3, 4, 5, 6, 7, 8, 9, 10, 11, 12, 13, 14 |
|  1 | 172.18.0.4:6443/TCP | active |                                             0 |
 -----------------------------------------------------------------------------------

