 - Services --------------------------------------------------------------------------------------------------------------------
| ID |                                                                       Name |     Type |           Frontend | Backend IDs |
|----+----------------------------------------------------------------------------+----------+--------------------+-------------
|  0 | test/hostport-1/pod-id/6c4c248d-5fb2-46ec-bb15-37c2dfe5da5d/host-port/8081 | HostPort |  0.0.0.0:8081/NONE |           0 |
|  1 | test/hostport-1/pod-id/6c4c248d-5fb2-46ec-bb15-37c2dfe5da5d/host-port/8081 | HostPort | 10.0.0.2:8081/NONE |           0 |
|  2 | test/hostport-1/pod-id/6c4c248d-5fb2-46ec-bb15-37c2dfe5da5d/host-port/8081 | HostPort | 10.0.0.3:8081/NONE |           0 |
 -------------------------------------------------------------------------------------------------------------------------------

 - Backends ------------------------------------------
| ID |            L3n4Addr |  State | Linked Services |
|----+---------------------+--------+-----------------
|  0 | 10.244.0.117:80/TCP | active |         0, 1, 2 |
 -----------------------------------------------------

