 - Services -------------------------------------------------------------------------
| ID |                   Name |      Type |                   Frontend | Backend IDs |
|----+------------------------+-----------+----------------------------+-------------
|  0 | default/echo-dualstack | ClusterIP |      10.96.255.196:69/NONE |        0, 2 |
|  1 | default/echo-dualstack | ClusterIP |      10.96.255.196:80/NONE |        1, 3 |
|  2 | default/echo-dualstack | ClusterIP | [fd00:10:96::31c2]:69/NONE |        5, 7 |
|  3 | default/echo-dualstack | ClusterIP | [fd00:10:96::31c2]:80/NONE |        6, 8 |
|  4 |     default/kubernetes | ClusterIP |         10.96.0.1:443/NONE |           4 |
|  5 | default/echo-dualstack |  NodePort |         0.0.0.0:31659/NONE |        0, 2 |
|  6 | default/echo-dualstack |  NodePort |         0.0.0.0:32066/NONE |        1, 3 |
|  7 | default/echo-dualstack |  NodePort |        10.0.0.2:31659/NONE |        0, 2 |
|  8 | default/echo-dualstack |  NodePort |        10.0.0.2:32066/NONE |        1, 3 |
|  9 | default/echo-dualstack |  NodePort |        10.0.0.3:31659/NONE |        0, 2 |
| 10 | default/echo-dualstack |  NodePort |        10.0.0.3:32066/NONE |        1, 3 |
| 11 | default/echo-dualstack |  NodePort |            [::]:31659/NONE |        5, 7 |
| 12 | default/echo-dualstack |  NodePort |            [::]:32066/NONE |        6, 8 |
| 13 | default/echo-dualstack |  NodePort |       [f00d::1]:31659/NONE |        5, 7 |
| 14 | default/echo-dualstack |  NodePort |       [f00d::1]:32066/NONE |        6, 8 |
| 15 | default/echo-dualstack |  NodePort |       [f00d::2]:31659/NONE |        5, 7 |
| 16 | default/echo-dualstack |  NodePort |       [f00d::2]:32066/NONE |        6, 8 |
 ------------------------------------------------------------------------------------

 - Backends ---------------------------------------------------
| ID |                     L3n4Addr |  State | Linked Services |
|----+------------------------------+--------+-----------------
|  0 |           10.244.1.81:69/UDP | active |      0, 5, 7, 9 |
|  1 |           10.244.1.81:80/TCP | active |     1, 6, 8, 10 |
|  2 |          10.244.2.170:69/UDP | active |      0, 5, 7, 9 |
|  3 |          10.244.2.170:80/TCP | active |     1, 6, 8, 10 |
|  4 |          172.18.0.3:6443/TCP | active |               4 |
|  5 | [fd00:10:244:1::13e7]:69/UDP | active |   2, 11, 13, 15 |
|  6 | [fd00:10:244:1::13e7]:80/TCP | active |   3, 12, 14, 16 |
|  7 | [fd00:10:244:2::185a]:69/UDP | active |   2, 11, 13, 15 |
|  8 | [fd00:10:244:2::185a]:80/TCP | active |   3, 12, 14, 16 |
 --------------------------------------------------------------

