 - Services ----------------------------------------------------------------
| ID |               Name |      Type |              Frontend | Backend IDs |
|----+--------------------+-----------+-----------------------+-------------
|  0 | default/kubernetes | ClusterIP |    10.96.0.1:443/NONE |           1 |
|  1 |          test/echo | ClusterIP | 10.96.231.114:80/NONE |           0 |
|  2 |    test/echo-local | ClusterIP |   10.96.10.40:80/NONE |           0 |
|  3 |          test/echo |  NodePort |    0.0.0.0:30959/NONE |           0 |
|  4 |          test/echo |  NodePort |   10.0.0.2:30959/NONE |           0 |
|  5 |          test/echo |  NodePort |   10.0.0.3:30959/NONE |           0 |
|  6 |    test/echo-local |  NodePort |    0.0.0.0:31914/NONE |             |
|  7 |    test/echo-local |  NodePort |  0.0.0.0:31914/NONE/i |           0 |
|  8 |    test/echo-local |  NodePort |   10.0.0.2:31914/NONE |             |
|  9 |    test/echo-local |  NodePort | 10.0.0.2:31914/NONE/i |           0 |
| 10 |    test/echo-local |  NodePort |   10.0.0.3:31914/NONE |             |
| 11 |    test/echo-local |  NodePort | 10.0.0.3:31914/NONE/i |           0 |
 ---------------------------------------------------------------------------

 - Backends --------------------------------------------------
| ID |            L3n4Addr |  State |         Linked Services |
|----+---------------------+--------+-------------------------
|  0 |  10.244.1.79:80/TCP | active | 1, 2, 3, 4, 5, 7, 9, 11 |
|  1 | 172.18.0.4:6443/TCP | active |                       0 |
 -------------------------------------------------------------

