Cluster health:	4/4 reachable	(2023-04-01T12:00:00Z)
Name	IP	Node	Endpoints
