Cluster health:	11/11 reachable	(2023-04-01T12:00:00Z)
Name	IP	Node	Endpoints
  node0	192.168.1.0	1/1	1/1
  node1	192.168.1.1	1/1	1/1
  node10	192.168.1.10	1/1	1/1
  node2	192.168.1.2	1/1	1/1
  node3	192.168.1.3	1/1	1/1
  node4	192.168.1.4	1/1	1/1
  node5	192.168.1.5	1/1	1/1
  node6	192.168.1.6	1/1	1/1
  node7	192.168.1.7	1/1	1/1
  node8	192.168.1.8	1/1	1/1
