Cluster health:	0/11 reachable	(2023-04-01T12:00:00Z)
Name	IP	Node	Endpoints
  node0	192.168.1.0	0/1	0/1
  node1	192.168.1.1	0/1	0/1
  node10	192.168.1.10	0/1	0/1
  node2	192.168.1.2	0/1	0/1
  node3	192.168.1.3	0/1	0/1
  node4	192.168.1.4	0/1	0/1
  node5	192.168.1.5	0/1	0/1
  node6	192.168.1.6	0/1	0/1
  node7	192.168.1.7	0/1	0/1
  node8	192.168.1.8	0/1	0/1
  ...
