Cluster health:	3/4 reachable	(2023-04-01T12:00:00Z)
Name	IP	Node	Endpoints
  node0	192.168.1.0	1/1	1/1
  node1	192.168.1.1	1/1	1/1
  node2	192.168.1.2	1/1	1/1
  node3	192.168.1.3	0/1	0/1
