 - Services -------------------------------------------------------------------------
| ID |                   Name |      Type |                   Frontend | Backend IDs |
|----+------------------------+-----------+----------------------------+-------------
|  0 | default/echo-dualstack | ClusterIP |       10.96.193.56:69/NONE |        0, 2 |
|  1 | default/echo-dualstack | ClusterIP |       10.96.193.56:80/NONE |        1, 3 |
|  2 | default/echo-dualstack | ClusterIP | [fd00:10:96::b8e7]:69/NONE |        5, 7 |
|  3 | default/echo-dualstack | ClusterIP | [fd00:10:96::b8e7]:80/NONE |        6, 8 |
|  4 |     default/kubernetes | ClusterIP |         10.96.0.1:443/NONE |           4 |
|  5 | default/echo-dualstack |  NodePort |         0.0.0.0:30961/NONE |        1, 3 |
|  6 | default/echo-dualstack |  NodePort |         0.0.0.0:31989/NONE |        0, 2 |
|  7 | default/echo-dualstack |  NodePort |        10.0.0.2:30961/NONE |        1, 3 |
|  8 | default/echo-dualstack |  NodePort |        10.0.0.2:31989/NONE |        0, 2 |
|  9 | default/echo-dualstack |  NodePort |        10.0.0.3:30961/NONE |        1, 3 |
| 10 | default/echo-dualstack |  NodePort |        10.0.0.3:31989/NONE |        0, 2 |
| 11 | default/echo-dualstack |  NodePort |            [::]:30961/NONE |        6, 8 |
| 12 | default/echo-dualstack |  NodePort |            [::]:31989/NONE |        5, 7 |
| 13 | default/echo-dualstack |  NodePort |       [f00d::1]:30961/NONE |        6, 8 |
| 14 | default/echo-dualstack |  NodePort |       [f00d::1]:31989/NONE |        5, 7 |
| 15 | default/echo-dualstack |  NodePort |       [f00d::2]:30961/NONE |        6, 8 |
| 16 | default/echo-dualstack |  NodePort |       [f00d::2]:31989/NONE |        5, 7 |
 ------------------------------------------------------------------------------------

 - Backends ---------------------------------------------------
| ID |                     L3n4Addr |  State | Linked Services |
|----+------------------------------+--------+-----------------
|  0 |          10.244.1.116:69/UDP | active |     0, 6, 8, 10 |
|  1 |          10.244.1.116:80/TCP | active |      1, 5, 7, 9 |
|  2 |           10.244.2.55:69/UDP | active |     0, 6, 8, 10 |
|  3 |           10.244.2.55:80/TCP | active |      1, 5, 7, 9 |
|  4 |          172.18.0.3:6443/TCP | active |               4 |
|  5 | [fd00:10:244:1::d75e]:69/UDP | active |   2, 12, 14, 16 |
|  6 | [fd00:10:244:1::d75e]:80/TCP | active |   3, 11, 13, 15 |
|  7 | [fd00:10:244:2::5ca7]:69/UDP | active |   2, 12, 14, 16 |
|  8 | [fd00:10:244:2::5ca7]:80/TCP | active |   3, 11, 13, 15 |
 --------------------------------------------------------------

