 - Services -------------------------------------------
| ID |      Type |              Frontend | Backend IDs |
|----+-----------+-----------------------+-------------
|  0 | ClusterIP | 10.96.24.51:8081/NONE |           0 |
 ------------------------------------------------------

 - Backends -----------------------------------
| ID |            L3n4Addr |  State | Restored |
|----+---------------------+--------+----------
|  0 | 10.244.0.3:8081/TCP | active |    false |
 ----------------------------------------------

