 - Services ----------------------------------------
| ID |      Type |           Frontend | Backend IDs |
|----+-----------+--------------------+-------------
|  0 | ClusterIP | 10.96.221.149:8081 |             |
 ---------------------------------------------------

 - Backends -----------------------
| ID | L3n4Addr | State | Restored |
|----+----------+-------+----------
 ----------------------------------

